******************************************************************************
TMS320C24xx COFF Linker           Version 7.04                   
******************************************************************************
>> Linked Sat Dec 21 18:27:35 2013

OUTPUT FILE NAME:   <./Debug/ModbusSlave.out>
ENTRY POINT SYMBOL: "_c_int0"  address: 0000113d


MEMORY CONFIGURATION

           name     origin    length      used    attributes    fill
         --------  --------  ---------  --------  ----------  --------
PAGE 0: VECS      00000000  000000040  0000000e     RWIX      
         PVECS     00000044  000000080  00000000     RWIX      
         PROG      000000c4  000007f3c  00001758     RWIX      
         SARAM_P   00008000  000000800  00000000     RWIX      
         EX1_PM    00008800  000007600  00000000     RWIX      
         B0        0000ff00  000000100  00000000     RWIX      

PAGE 1: MMRS      00000000  000000060  00000000     RWIX      
         B2        00000060  000000020  00000000     RWIX      
         B0        00000200  000000100  00000000     RWIX      
         B1        00000300  000000100  00000000     RWIX      
         SARAM_D   00000800  000000800  000005e8     RWIX      
         PERIPH    00007000  000001000  00000000     RWIX      
         EX2_DM    00008000  000008000  00000000     RWIX      


SECTION ALLOCATION MAP

 output                                  attributes/
section   page    origin      length       input sections
--------  ----  ----------  ----------   ----------------
.reset     0    00000000    00000000     UNINITIALIZED

.vectors   0    00000000    0000000e     
                  00000000    0000000e     vector.obj (.vectors)

.pvecs     0    00000044    00000000     UNINITIALIZED

.text      0    000000c4    000012be     
                  000000c4    000000b9     led.obj (.text)
                  0000017d    00000000     vector.obj (.text)
                  0000017d    00000062     main.obj (.text)
                  000001df    000002c4     mbascii.obj (.text)
                  000004a3    00000072     mbcheck.obj (.text)
                  00000515    0000037a     mbfunction.obj (.text)
                  0000088f    000002ae     mbrtu.obj (.text)
                  00000b3d    00000294     modbus.obj (.text)
                  00000dd1    0000002e     portevent.obj (.text)
                  00000dff    0000016e     portserial.obj (.text)
                  00000f6d    0000008f     portservertimer.obj (.text)
                  00000ffc    00000141     porttimer.obj (.text)
                  0000113d    00000027     rts2xx.lib : boot.obj (.text)
                  00001164    000000ea                : ldiv.obj (.text)
                  0000124e    0000000c                : lmpy.obj (.text)
                  0000125a    0000002e                : saverest.obj (.text)
                  00001288    00000088                : udiv.obj (.text)
                  00001310    00000050                : exit.obj (.text)
                  00001360    00000021                : memcpy.obj (.text)
                  00001381    00000001                : f_error.obj (.text)

.cinit     0    00001382    0000049a     
                  00001382    00000003     led.obj (.cinit)
                  00001385    00000240     main.obj (.cinit)
                  000015c5    00000006     mbascii.obj (.cinit)
                  000015cb    00000204     mbcheck.obj (.cinit)
                  000017cf    0000000c     mbfunction.obj (.cinit)
                  000017db    00000009     mbrtu.obj (.cinit)
                  000017e4    0000002b     modbus.obj (.cinit)
                  0000180f    00000003     portevent.obj (.cinit)
                  00001812    00000003     portservertimer.obj (.cinit)
                  00001815    00000006     rts2xx.lib : exit.obj (.cinit)
                  0000181b    00000001     --HOLE-- [fill = 0000]

.switch    0    000000c4    00000000     UNINITIALIZED

.data      1    00000300    00000000     UNINITIALIZED
                  00000300    00000000     led.obj (.data)
                  00000300    00000000     rts2xx.lib : f_error.obj (.data)
                  00000300    00000000                : memcpy.obj (.data)
                  00000300    00000000                : exit.obj (.data)
                  00000300    00000000                : udiv.obj (.data)
                  00000300    00000000                : saverest.obj (.data)
                  00000300    00000000                : lmpy.obj (.data)
                  00000300    00000000                : ldiv.obj (.data)
                  00000300    00000000                : boot.obj (.data)
                  00000300    00000000     vector.obj (.data)
                  00000300    00000000     porttimer.obj (.data)
                  00000300    00000000     portservertimer.obj (.data)
                  00000300    00000000     portserial.obj (.data)
                  00000300    00000000     portevent.obj (.data)
                  00000300    00000000     modbus.obj (.data)
                  00000300    00000000     mbrtu.obj (.data)
                  00000300    00000000     mbfunction.obj (.data)
                  00000300    00000000     mbcheck.obj (.data)
                  00000300    00000000     mbascii.obj (.data)
                  00000300    00000000     main.obj (.data)

.const     1    00000060    00000000     UNINITIALIZED

.bss       1    00000800    000005c0     UNINITIALIZED
                  00000800    00000303     mbcheck.obj (.bss)
                  00000b03    00000000     rts2xx.lib : ldiv.obj (.bss)
                  00000b03    00000000                : lmpy.obj (.bss)
                  00000b03    00000000                : boot.obj (.bss)
                  00000b03    00000000     portserial.obj (.bss)
                  00000b03    00000000     vector.obj (.bss)
                  00000b03    00000000     rts2xx.lib : memcpy.obj (.bss)
                  00000b03    00000000                : f_error.obj (.bss)
                  00000b03    00000000                : saverest.obj (.bss)
                  00000b03    00000000                : udiv.obj (.bss)
                  00000b03    00000022                : exit.obj (.bss)
                  00000b25    0000000a     mbfunction.obj (.bss)
                  00000b2f    00000003     mbascii.obj (.bss)
                  00000b32    00000003     mbrtu.obj (.bss)
                  00000b35    00000002     portservertimer.obj (.bss)
                  00000b37    00000002     porttimer.obj (.bss)
                  00000b39    00000002     portevent.obj (.bss)
                  00000b3b    00000001     led.obj (.bss)
                  00000b80    00000124     modbus.obj (.bss)
                  00000d00    000000c0     main.obj (.bss)

.stack     1    00000dc0    00000028     UNINITIALIZED
                  00000dc0    00000000     rts2xx.lib : boot.obj (.stack)

.sysmem    1    00000800    00000000     UNINITIALIZED


GLOBAL SYMBOLS

address  name                             address  name
-------- ----                             -------- ----
00000800 .bss                             00000028 __STACK_SIZE
00000300 .data                            000000c4 .text
000000c4 .text                            000000c4 _Delay
0000135d C$$EXIT                          000000ed _wait_ms
00001272 I$$REST                          0000011b _ti_led_on
0000125a I$$SAVE                          00000146 _ti_led_off
00001288 I$$UDIV                          00000172 _ti_led_state
000012ae I$$UMOD                          0000017d _disableINTM
00001164 L$$DIVS                          00000187 _enableINTM
000011d6 L$$DIVU                          00000191 _initialSystem
0000119f L$$MODS                          000001ae _main
000011f6 L$$MODU                          000001d5 _nothing
0000124e L$$MPY                           000001df _aMBASCIIInit
00000d05 _ABRPT                           00000217 _aMBASCIISend
00000d8f _ACTRA                           00000282 _aMBASCIIReceive
00000dac _ACTRB                           0000029a _aMBASCIISendMessageFrame
00000d32 _ADCTRL1                         00000300 edata
00000d33 _ADCTRL2                         00000300 .data
00000d39 _AUTO_SEQ_SR                     0000035f _aMBASCIIReceiveMessageFrame
00000d4a _CALIBRATION                     00000430 _aMBASCIIChar2Bin
00000d50 _CANBCR1                         0000045a _aMBASCIIBin2Char
00000d4f _CANBCR2                         00000480 _aMBASCIITimerT1sExpired
00000d53 _CANCEC                          000004a3 _rMBCRC16
00000d51 _CANESR                          000004e6 _aMBLRC8
00000d52 _CANGSR                          00000515 _fMBFuncReportSlaveID
00000d54 _CANIFR                          00000560 _fMBFuncReadLEDState
00000d55 _CANIMR                          000005ce _fMBFuncWriteLEDState
00000d56 _CANLAM0H                        0000062b _fMBFuncReadDSPRegister
00000d57 _CANLAM0L                        00000698 _fMBFuncWriteDSPRegister
00000d58 _CANLAM1H                        0000071b _fMBFuncAdd
00000d59 _CANLAM1L                        00000767 _fMBFuncSubstract
00000d5d _CANMBX0A                        000007af _fMBFuncMultiply
00000d5e _CANMBX0B                        00000800 .bss
00000d63 _CANMBX0C                        00000800 _arADUBufferCount
00000dbf _CANMBX0D                        00000801 _parReceiveBuffer
00000d64 _CANMBX1A                        00000802 _parSendBuffer
00000d65 _CANMBX1B                        00000803 _fMBFuncDivide
00000d66 _CANMBX1C                        00000849 _fMBFuncMod
00000d67 _CANMBX1D                        0000088f _rMBRTUInit
00000d6b _CANMBX2A                        00000907 _rMBRTUSend
00000d6c _CANMBX2B                        00000988 _rMBRTUReceive
00000d6d _CANMBX2C                        000009a0 _rMBRTUSendMessageFrame
00000d6e _CANMBX2D                        000009e1 _rMBRTUReceiveMessageFrame
00000d72 _CANMBX3A                        00000a03 _arADUBuffer
00000d73 _CANMBX3B                        00000aac _rMBRTUTimerT15Expired
00000d74 _CANMBX3C                        00000ae5 _rMBRTUTimerT35Expired
00000d75 _CANMBX3D                        00000b04 __cleanup_ptr
00000d79 _CANMBX4A                        00000b3d _modbusInit
00000d7a _CANMBX4B                        00000b81 _arMBReceiveMessageFrame
00000d7b _CANMBX4C                        00000b82 _arMBSendMessageFrame
00000d7c _CANMBX4D                        00000b83 _arMBModeInit
00000d80 _CANMBX5A                        00000b84 _arMBTimer1Expire
00000d81 _CANMBX5B                        00000b85 _arMBTimer2Expire
00000d82 _CANMBX5C                        00000b86 _modbusSend
00000d83 _CANMBX5D                        00000b87 _modbusReceive
00000d4e _CANMCR                          00000ba2 _isMachineAddress
00000d4b _CANMDER                         00000bba _isLastSlaveAddress
00000d5c _CANMSGCTRL0                     00000bd2 _getMachineAddress
00000d60 _CANMSGCTRL1                     00000bdd _setSlaveState
00000d6a _CANMSGCTRL2                     00000beb _getSlaveState
00000d71 _CANMSGCTRL3                     00000bf7 _setMasterState
00000d78 _CANMSGCTRL4                     00000c05 _getMasterState
00000d7f _CANMSGCTRL5                     00000c40 _modbusMasterRun
00000d5b _CANMSGID0H                      00000d00 _SCSR1
00000d5a _CANMSGID0L                      00000d01 _WDCR
00000d62 _CANMSGID1H                      00000d02 _IMR
00000d61 _CANMSGID1L                      00000d03 _IFR
00000d69 _CANMSGID2H                      00000d04 _WSGR
00000d68 _CANMSGID2L                      00000d05 _ABRPT
00000d70 _CANMSGID3H                      00000d06 _PIACKR0
00000d6f _CANMSGID3L                      00000d07 _GREG
00000d77 _CANMSGID4H                      00000d08 _PIACKR2
00000d76 _CANMSGID4L                      00000d09 _PIRQR0
00000d7e _CANMSGID5H                      00000d0a _PIRQR1
00000d7d _CANMSGID5L                      00000d0b _PIRQR2
00000d4d _CANRCR                          00000d0c _PIACKR1
00000d4c _CANTCR                          00000d0d _PIVR
00000d99 _CAP1FBOT                        00000d0e _WDCNTR
00000d96 _CAP1FIFO                        00000d0f _WDKEY
00000d9a _CAP2FBOT                        00000d10 _SCSR2
00000d97 _CAP2FIFO                        00000d11 _SPICCR
00000d9b _CAP3FBOT                        00000d12 _SPICTL
00000d98 _CAP3FIFO                        00000d13 _SPISTS
00000db6 _CAP4FBOT                        00000d14 _SPIBRR
00000db3 _CAP4FIFO                        00000d15 _SPIRXEMU
00000db7 _CAP5FBOT                        00000d16 _SPIRXBUF
00000db4 _CAP5FIFO                        00000d17 _DIN
00000db8 _CAP6FBOT                        00000d18 _SPITXBUF
00000db5 _CAP6FIFO                        00000d19 _SPIPC1
00000d94 _CAPCONA                         00000d1a _SPIPC2
00000db1 _CAPCONB                         00000d1b _SPIPRI
00000d95 _CAPFIFOA                        00000d1c _SCICCR
00000db2 _CAPFIFOB                        00000d1d _SCICTL1
00000d35 _CHSELSEQ1                       00000d1e _SCIHBAUD
00000d36 _CHSELSEQ2                       00000d1f _SCILBAUD
00000d37 _CHSELSEQ3                       00000d20 _SCICTL2
00000d38 _CHSELSEQ4                       00000d21 _SCIRXST
00000d91 _CMPR1                           00000d22 _SCIRXEMU
00000d92 _CMPR2                           00000d23 _SCIRXBUF
00000d93 _CMPR3                           00000d24 _SCITXBUF
00000dae _CMPR4                           00000d25 _SCIPC2
00000daf _CMPR5                           00000d26 _SCIPRI
00000db0 _CMPR6                           00000d27 _XINT1CR
00000d8e _COMCONA                         00000d28 _XINT2CR
00000dab _COMCONB                         00000d29 _MCRA
00000d90 _DBTCONA                         00000d2a _MCRB
00000dad _DBTCONB                         00000d2b _MCRC
00000d17 _DIN                             00000d2c _PADATDIR
000000c4 _Delay                           00000d2d _PBDATDIR
00000d9f _EVAIFRA                         00000d2e _PCDATDIR
00000da0 _EVAIFRB                         00000d2f _SPIDAT
00000da1 _EVAIFRC                         00000d30 _PEDATDIR
00000d9c _EVAIMRA                         00000d31 _PDDATDIR
00000d9d _EVAIMRB                         00000d32 _ADCTRL1
00000d9e _EVAIMRC                         00000d33 _ADCTRL2
00000dbc _EVBIFRA                         00000d34 _MAXCONV
00000dbd _EVBIFRB                         00000d35 _CHSELSEQ1
00000dbe _EVBIFRC                         00000d36 _CHSELSEQ2
00000db9 _EVBIMRA                         00000d37 _CHSELSEQ3
00000dba _EVBIMRB                         00000d38 _CHSELSEQ4
00000dbb _EVBIMRC                         00000d39 _AUTO_SEQ_SR
00000d84 _GPTCONA                         00000d3a _RESULT0
00000da2 _GPTCONB                         00000d3b _RESULT1
00000d07 _GREG                            00000d3c _RESULT2
00000d03 _IFR                             00000d3d _RESULT3
00000d02 _IMR                             00000d3e _RESULT4
00000d34 _MAXCONV                         00000d3f _RESULT5
00000d29 _MCRA                            00000d40 _RESULT6
00000d2a _MCRB                            00000d41 _RESULT7
00000d2b _MCRC                            00000d42 _RESULT8
00000d2c _PADATDIR                        00000d43 _RESULT9
00000d2d _PBDATDIR                        00000d44 _RESULT10
00000d2e _PCDATDIR                        00000d45 _RESULT11
00000d31 _PDDATDIR                        00000d46 _RESULT12
00000d30 _PEDATDIR                        00000d47 _RESULT13
00000d5f _PFDATDIR                        00000d48 _RESULT14
00000d06 _PIACKR0                         00000d49 _RESULT15
00000d0c _PIACKR1                         00000d4a _CALIBRATION
00000d08 _PIACKR2                         00000d4b _CANMDER
00000d09 _PIRQR0                          00000d4c _modbusSlaveRun
00000d0a _PIRQR1                          00000d4c _CANTCR
00000d0b _PIRQR2                          00000d4d _CANRCR
00000d0d _PIVR                            00000d4e _CANMCR
00000d3a _RESULT0                         00000d4f _CANBCR2
00000d46 _RESULT12                        00000d50 _CANBCR1
00000d3b _RESULT1                         00000d51 _CANESR
00000d44 _RESULT10                        00000d52 _CANGSR
00000d45 _RESULT11                        00000d53 _CANCEC
00000d47 _RESULT13                        00000d54 _CANIFR
00000d48 _RESULT14                        00000d55 _CANIMR
00000d49 _RESULT15                        00000d56 _CANLAM0H
00000d3c _RESULT2                         00000d57 _CANLAM0L
00000d3d _RESULT3                         00000d58 _CANLAM1H
00000d3e _RESULT4                         00000d59 _CANLAM1L
00000d3f _RESULT5                         00000d5a _CANMSGID0L
00000d40 _RESULT6                         00000d5b _CANMSGID0H
00000d41 _RESULT7                         00000d5c _CANMSGCTRL0
00000d42 _RESULT8                         00000d5d _CANMBX0A
00000d43 _RESULT9                         00000d5e _CANMBX0B
00000d1c _SCICCR                          00000d5f _PFDATDIR
00000d1d _SCICTL1                         00000d60 _CANMSGCTRL1
00000d20 _SCICTL2                         00000d61 _CANMSGID1L
00000d1e _SCIHBAUD                        00000d62 _CANMSGID1H
00000d1f _SCILBAUD                        00000d63 _CANMBX0C
00000d25 _SCIPC2                          00000d64 _CANMBX1A
00000d26 _SCIPRI                          00000d65 _CANMBX1B
00000d23 _SCIRXBUF                        00000d66 _CANMBX1C
00000d22 _SCIRXEMU                        00000d67 _CANMBX1D
00000d21 _SCIRXST                         00000d68 _CANMSGID2L
00000d24 _SCITXBUF                        00000d69 _CANMSGID2H
00000d00 _SCSR1                           00000d6a _CANMSGCTRL2
00000d10 _SCSR2                           00000d6b _CANMBX2A
00000d14 _SPIBRR                          00000d6c _CANMBX2B
00000d11 _SPICCR                          00000d6d _CANMBX2C
00000d12 _SPICTL                          00000d6e _CANMBX2D
00000d2f _SPIDAT                          00000d6f _CANMSGID3L
00000d19 _SPIPC1                          00000d70 _CANMSGID3H
00000d1a _SPIPC2                          00000d71 _CANMSGCTRL3
00000d1b _SPIPRI                          00000d72 _CANMBX3A
00000d16 _SPIRXBUF                        00000d73 _CANMBX3B
00000d15 _SPIRXEMU                        00000d74 _CANMBX3C
00000d13 _SPISTS                          00000d75 _CANMBX3D
00000d18 _SPITXBUF                        00000d76 _CANMSGID4L
00000d87 _T1CMP                           00000d77 _CANMSGID4H
00000d86 _T1CMPR                          00000d78 _CANMSGCTRL4
00000d85 _T1CNT                           00000d79 _CANMBX4A
00000d89 _T1CON                           00000d7a _CANMBX4B
00000d88 _T1PER                           00000d7b _CANMBX4C
00000d8b _T2CMP                           00000d7c _CANMBX4D
00000d8a _T2CNT                           00000d7d _CANMSGID5L
00000d8d _T2CON                           00000d7e _CANMSGID5H
00000d8c _T2PER                           00000d7f _CANMSGCTRL5
00000da4 _T3CMP                           00000d80 _CANMBX5A
00000da3 _T3CNT                           00000d81 _CANMBX5B
00000da6 _T3CON                           00000d82 _CANMBX5C
00000da5 _T3PER                           00000d83 _CANMBX5D
00000da8 _T4CMP                           00000d84 _GPTCONA
00000da7 _T4CNT                           00000d85 _T1CNT
00000daa _T4CON                           00000d86 _T1CMPR
00000da9 _T4PER                           00000d87 _T1CMP
00000d0e _WDCNTR                          00000d88 _T1PER
00000d01 _WDCR                            00000d89 _T1CON
00000d0f _WDKEY                           00000d8a _T2CNT
00000d04 _WSGR                            00000d8b _T2CMP
00000d27 _XINT1CR                         00000d8c _T2PER
00000d28 _XINT2CR                         00000d8d _T2CON
00000028 __STACK_SIZE                     00000d8e _COMCONA
00000b04 __cleanup_ptr                    00000d8f _ACTRA
0000045a _aMBASCIIBin2Char                00000d90 _DBTCONA
00000430 _aMBASCIIChar2Bin                00000d91 _CMPR1
000001df _aMBASCIIInit                    00000d92 _CMPR2
00000282 _aMBASCIIReceive                 00000d93 _CMPR3
0000035f _aMBASCIIReceiveMessageFrame     00000d94 _CAPCONA
0000029a _aMBASCIISendMessageFrame        00000d95 _CAPFIFOA
00000217 _aMBASCIISend                    00000d96 _CAP1FIFO
00000480 _aMBASCIITimerT1sExpired         00000d97 _CAP2FIFO
000004e6 _aMBLRC8                         00000d98 _CAP3FIFO
0000135d _abort                           00000d99 _CAP1FBOT
00000a03 _arADUBuffer                     00000d9a _CAP2FBOT
00000800 _arADUBufferCount                00000d9b _CAP3FBOT
00000b83 _arMBModeInit                    00000d9c _EVAIMRA
00000b81 _arMBReceiveMessageFrame         00000d9d _EVAIMRB
00000b82 _arMBSendMessageFrame            00000d9e _EVAIMRC
00000b84 _arMBTimer1Expire                00000d9f _EVAIFRA
00000b85 _arMBTimer2Expire                00000da0 _EVAIFRB
0000133e _atexit                          00000da1 _EVAIFRC
0000113d _c_int0                          00000da2 _GPTCONB
00000f1d _delay                           00000da3 _T3CNT
0000017d _disableINTM                     00000da4 _T3CMP
00000de2 _eMBPopEvent                     00000da5 _T3PER
00000dd1 _eMBPushEvent                    00000da6 _T3CON
00000187 _enableINTM                      00000da7 _T4CNT
00001310 _exit                            00000da8 _T4CMP
00001381 _f$$error                        00000da9 _T4PER
0000071b _fMBFuncAdd                      00000daa _T4CON
00000803 _fMBFuncDivide                   00000dab _COMCONB
00000849 _fMBFuncMod                      00000dac _ACTRB
000007af _fMBFuncMultiply                 00000dad _DBTCONB
0000062b _fMBFuncReadDSPRegister          00000dae _CMPR4
00000560 _fMBFuncReadLEDState             00000daf _CMPR5
00000515 _fMBFuncReportSlaveID            00000db0 _CMPR6
00000767 _fMBFuncSubstract                00000db1 _CAPCONB
00000698 _fMBFuncWriteDSPRegister         00000db2 _CAPFIFOB
000005ce _fMBFuncWriteLEDState            00000db3 _CAP4FIFO
00000bd2 _getMachineAddress               00000db4 _CAP5FIFO
00000c05 _getMasterState                  00000db5 _CAP6FIFO
00000beb _getSlaveState                   00000db6 _CAP4FBOT
00000191 _initialSystem                   00000db7 _CAP5FBOT
00000bba _isLastSlaveAddress              00000db8 _CAP6FBOT
00000ba2 _isMachineAddress                00000db9 _EVBIMRA
000001ae _main                            00000dba _EVBIMRB
00001360 _memcpy                          00000dbb _EVBIMRC
00000b3d _modbusInit                      00000dbc _EVBIFRA
00000c40 _modbusMasterRun                 00000dbd _EVBIFRB
00000b87 _modbusReceive                   00000dbe _EVBIFRC
00000b86 _modbusSend                      00000dbf _CANMBX0D
00000d4c _modbusSlaveRun                  00000dc0 end
000001d5 _nothing                         00000dd1 _eMBPushEvent
00000801 _parReceiveBuffer                00000de2 _eMBPopEvent
00000802 _parSendBuffer                   00000dff _sMBPortSerialEnable
000004a3 _rMBCRC16                        00000e41 _sMBPortSerialInit
0000088f _rMBRTUInit                      00000efc _sMBPortSerialPutByte
000009e1 _rMBRTUReceiveMessageFrame       00000f0c _sMBPortSerialGetByte
00000988 _rMBRTUReceive                   00000f1d _delay
00000907 _rMBRTUSend                      00000f46 _sUART
000009a0 _rMBRTUSendMessageFrame          00000f6d _tMBServerTimerInit
00000aac _rMBRTUTimerT15Expired           00000f8a _tMBServerTimerEnable
00000ae5 _rMBRTUTimerT35Expired           00000fa1 _tMBServerTimerDisable
00000dff _sMBPortSerialEnable             00000fb9 _tTIMERINT2
00000f0c _sMBPortSerialGetByte            00000ffc _tMBPortTimerInit
00000e41 _sMBPortSerialInit               000010bb _tMBPortTimerEnable
00000efc _sMBPortSerialPutByte            000010d6 _tMBPortTimeDisable
00000f46 _sUART                           000010f0 _tTIMERINT1
00000bf7 _setMasterState                  0000113d _c_int0
00000bdd _setSlaveState                   00001164 L$$DIVS
000010d6 _tMBPortTimeDisable              0000119f L$$MODS
000010bb _tMBPortTimerEnable              000011d6 L$$DIVU
00000ffc _tMBPortTimerInit                000011f6 L$$MODU
00000fa1 _tMBServerTimerDisable           0000124e L$$MPY
00000f8a _tMBServerTimerEnable            0000125a I$$SAVE
00000f6d _tMBServerTimerInit              00001272 I$$REST
000010f0 _tTIMERINT1                      00001288 I$$UDIV
00000fb9 _tTIMERINT2                      000012ae I$$UMOD
00000146 _ti_led_off                      00001310 _exit
0000011b _ti_led_on                       0000133e _atexit
00000172 _ti_led_state                    0000135d _abort
000000ed _wait_ms                         0000135d C$$EXIT
00001382 cinit                            00001360 _memcpy
00000300 edata                            00001381 _f$$error
00000dc0 end                              00001382 etext
00001382 etext                            00001382 cinit
ffffffff pinit                            ffffffff pinit

[292 symbols]
