******************************************************************************
TMS320C24xx COFF Linker           Version 7.04                   
******************************************************************************
>> Linked Sat Dec 21 19:41:46 2013

OUTPUT FILE NAME:   <./Debug/ModbusMaster.out>
ENTRY POINT SYMBOL: "_c_int0"  address: 00001139


MEMORY CONFIGURATION

           name     origin    length      used    attributes    fill
         --------  --------  ---------  --------  ----------  --------
PAGE 0: VECS      00000000  000000040  0000000e     RWIX      
         PVECS     00000044  000000080  00000000     RWIX      
         PROG      000000c4  000007f3c  000017cb     RWIX      
         SARAM_P   00008000  000000800  00000000     RWIX      
         EX1_PM    00008800  000007600  00000000     RWIX      
         B0        0000ff00  000000100  00000000     RWIX      

PAGE 1: MMRS      00000000  000000060  00000000     RWIX      
         B2        00000060  000000020  00000000     RWIX      
         B0        00000200  000000100  00000000     RWIX      
         B1        00000300  000000100  00000000     RWIX      
         SARAM_D   00000800  000000800  00000494     RWIX      
         PERIPH    00007000  000001000  00000000     RWIX      
         EX2_DM    00008000  000008000  00000000     RWIX      


SECTION ALLOCATION MAP

 output                                  attributes/
section   page    origin      length       input sections
--------  ----  ----------  ----------   ----------------
.reset     0    00000000    00000000     UNINITIALIZED

.vectors   0    00000000    0000000e     
                  00000000    0000000e     vector.obj (.vectors)

.pvecs     0    00000044    00000000     UNINITIALIZED

.text      0    000000c4    000012ba     
                  000000c4    000000b9     led.obj (.text)
                  0000017d    00000000     vector.obj (.text)
                  0000017d    00000062     main.obj (.text)
                  000001df    000002c4     mbascii.obj (.text)
                  000004a3    00000072     mbcheck.obj (.text)
                  00000515    0000037a     mbfunction.obj (.text)
                  0000088f    000002ae     mbrtu.obj (.text)
                  00000b3d    00000290     modbus.obj (.text)
                  00000dcd    0000002e     portevent.obj (.text)
                  00000dfb    0000016e     portserial.obj (.text)
                  00000f69    0000008f     portservertimer.obj (.text)
                  00000ff8    00000141     porttimer.obj (.text)
                  00001139    00000027     rts2xx.lib : boot.obj (.text)
                  00001160    000000ea                : ldiv.obj (.text)
                  0000124a    0000000c                : lmpy.obj (.text)
                  00001256    0000002e                : saverest.obj (.text)
                  00001284    00000088                : udiv.obj (.text)
                  0000130c    00000050                : exit.obj (.text)
                  0000135c    00000021                : memcpy.obj (.text)
                  0000137d    00000001                : f_error.obj (.text)

.cinit     0    0000137e    00000511     
                  0000137e    00000003     led.obj (.cinit)
                  00001381    00000240     main.obj (.cinit)
                  000015c1    00000006     mbascii.obj (.cinit)
                  000015c7    00000204     mbcheck.obj (.cinit)
                  000017cb    0000000c     mbfunction.obj (.cinit)
                  000017d7    00000009     mbrtu.obj (.cinit)
                  000017e0    000000a2     modbus.obj (.cinit)
                  00001882    00000003     portevent.obj (.cinit)
                  00001885    00000003     portservertimer.obj (.cinit)
                  00001888    00000006     rts2xx.lib : exit.obj (.cinit)
                  0000188e    00000001     --HOLE-- [fill = 0000]

.switch    0    000000c4    00000000     UNINITIALIZED

.data      1    00000300    00000000     UNINITIALIZED
                  00000300    00000000     led.obj (.data)
                  00000300    00000000     rts2xx.lib : f_error.obj (.data)
                  00000300    00000000                : memcpy.obj (.data)
                  00000300    00000000                : exit.obj (.data)
                  00000300    00000000                : udiv.obj (.data)
                  00000300    00000000                : saverest.obj (.data)
                  00000300    00000000                : lmpy.obj (.data)
                  00000300    00000000                : ldiv.obj (.data)
                  00000300    00000000                : boot.obj (.data)
                  00000300    00000000     vector.obj (.data)
                  00000300    00000000     porttimer.obj (.data)
                  00000300    00000000     portservertimer.obj (.data)
                  00000300    00000000     portserial.obj (.data)
                  00000300    00000000     portevent.obj (.data)
                  00000300    00000000     modbus.obj (.data)
                  00000300    00000000     mbrtu.obj (.data)
                  00000300    00000000     mbfunction.obj (.data)
                  00000300    00000000     mbcheck.obj (.data)
                  00000300    00000000     mbascii.obj (.data)
                  00000300    00000000     main.obj (.data)

.const     1    00000060    00000000     UNINITIALIZED

.bss       1    00000800    0000046c     UNINITIALIZED
                  00000800    00000303     mbcheck.obj (.bss)
                  00000b03    00000000     rts2xx.lib : ldiv.obj (.bss)
                  00000b03    00000000                : lmpy.obj (.bss)
                  00000b03    00000000                : boot.obj (.bss)
                  00000b03    00000000     portserial.obj (.bss)
                  00000b03    00000000     vector.obj (.bss)
                  00000b03    00000000     rts2xx.lib : memcpy.obj (.bss)
                  00000b03    00000000                : f_error.obj (.bss)
                  00000b03    00000000                : saverest.obj (.bss)
                  00000b03    00000000                : udiv.obj (.bss)
                  00000b03    00000070     modbus.obj (.bss)
                  00000b73    0000000a     mbfunction.obj (.bss)
                  00000b7d    00000003     mbascii.obj (.bss)
                  00000b80    000000c0     main.obj (.bss)
                  00000c40    00000022     rts2xx.lib : exit.obj (.bss)
                  00000c62    00000003     mbrtu.obj (.bss)
                  00000c65    00000002     portservertimer.obj (.bss)
                  00000c67    00000002     porttimer.obj (.bss)
                  00000c69    00000002     portevent.obj (.bss)
                  00000c6b    00000001     led.obj (.bss)

.stack     1    00000c6c    00000028     UNINITIALIZED
                  00000c6c    00000000     rts2xx.lib : boot.obj (.stack)

.sysmem    1    00000800    00000000     UNINITIALIZED


GLOBAL SYMBOLS

address  name                             address  name
-------- ----                             -------- ----
00000800 .bss                             00000028 __STACK_SIZE
00000300 .data                            000000c4 .text
000000c4 .text                            000000c4 _Delay
00001359 C$$EXIT                          000000ed _wait_ms
0000126e I$$REST                          0000011b _ti_led_on
00001256 I$$SAVE                          00000146 _ti_led_off
00001284 I$$UDIV                          00000172 _ti_led_state
000012aa I$$UMOD                          0000017d _disableINTM
00001160 L$$DIVS                          00000187 _enableINTM
000011d2 L$$DIVU                          00000191 _initialSystem
0000119b L$$MODS                          000001ae _main
000011f2 L$$MODU                          000001d5 _nothing
0000124a L$$MPY                           000001df _aMBASCIIInit
00000b85 _ABRPT                           00000217 _aMBASCIISend
00000c0f _ACTRA                           00000282 _aMBASCIIReceive
00000c2c _ACTRB                           0000029a _aMBASCIISendMessageFrame
00000bb2 _ADCTRL1                         00000300 .data
00000bb3 _ADCTRL2                         00000300 edata
00000bb9 _AUTO_SEQ_SR                     0000035f _aMBASCIIReceiveMessageFrame
00000bca _CALIBRATION                     00000430 _aMBASCIIChar2Bin
00000bd0 _CANBCR1                         0000045a _aMBASCIIBin2Char
00000bcf _CANBCR2                         00000480 _aMBASCIITimerT1sExpired
00000bd3 _CANCEC                          000004a3 _rMBCRC16
00000bd1 _CANESR                          000004e6 _aMBLRC8
00000bd2 _CANGSR                          00000515 _fMBFuncReportSlaveID
00000bd4 _CANIFR                          00000560 _fMBFuncReadLEDState
00000bd5 _CANIMR                          000005ce _fMBFuncWriteLEDState
00000bd6 _CANLAM0H                        0000062b _fMBFuncReadDSPRegister
00000bd7 _CANLAM0L                        00000698 _fMBFuncWriteDSPRegister
00000bd8 _CANLAM1H                        0000071b _fMBFuncAdd
00000bd9 _CANLAM1L                        00000767 _fMBFuncSubstract
00000bdd _CANMBX0A                        000007af _fMBFuncMultiply
00000bde _CANMBX0B                        00000800 .bss
00000be3 _CANMBX0C                        00000800 _arADUBufferCount
00000c3f _CANMBX0D                        00000801 _parReceiveBuffer
00000be4 _CANMBX1A                        00000802 _parSendBuffer
00000be5 _CANMBX1B                        00000803 _fMBFuncDivide
00000be6 _CANMBX1C                        00000849 _fMBFuncMod
00000be7 _CANMBX1D                        0000088f _rMBRTUInit
00000beb _CANMBX2A                        00000907 _rMBRTUSend
00000bec _CANMBX2B                        00000988 _rMBRTUReceive
00000bed _CANMBX2C                        000009a0 _rMBRTUSendMessageFrame
00000bee _CANMBX2D                        000009e1 _rMBRTUReceiveMessageFrame
00000bf2 _CANMBX3A                        00000a03 _arADUBuffer
00000bf3 _CANMBX3B                        00000aac _rMBRTUTimerT15Expired
00000bf4 _CANMBX3C                        00000ae5 _rMBRTUTimerT35Expired
00000bf5 _CANMBX3D                        00000b3d _modbusInit
00000bf9 _CANMBX4A                        00000b67 _arMBTimer1Expire
00000bfa _CANMBX4B                        00000b68 _arMBReceiveMessageFrame
00000bfb _CANMBX4C                        00000b6c _arMBModeInit
00000bfc _CANMBX4D                        00000b6d _arMBTimer2Expire
00000c00 _CANMBX5A                        00000b6e _modbusReceive
00000c01 _CANMBX5B                        00000b6f _arMBSendMessageFrame
00000c02 _CANMBX5C                        00000b71 _modbusSend
00000c03 _CANMBX5D                        00000b80 _SCSR1
00000bce _CANMCR                          00000b81 _WDCR
00000bcb _CANMDER                         00000b82 _IMR
00000bdc _CANMSGCTRL0                     00000b83 _IFR
00000be0 _CANMSGCTRL1                     00000b84 _WSGR
00000bea _CANMSGCTRL2                     00000b85 _ABRPT
00000bf1 _CANMSGCTRL3                     00000b86 _PIACKR0
00000bf8 _CANMSGCTRL4                     00000b87 _GREG
00000bff _CANMSGCTRL5                     00000b88 _PIACKR2
00000bdb _CANMSGID0H                      00000b89 _PIRQR0
00000bda _CANMSGID0L                      00000b8a _PIRQR1
00000be2 _CANMSGID1H                      00000b8b _PIRQR2
00000be1 _CANMSGID1L                      00000b8c _PIACKR1
00000be9 _CANMSGID2H                      00000b8d _PIVR
00000be8 _CANMSGID2L                      00000b8e _WDCNTR
00000bf0 _CANMSGID3H                      00000b8f _WDKEY
00000bef _CANMSGID3L                      00000b90 _SCSR2
00000bf7 _CANMSGID4H                      00000b91 _SPICCR
00000bf6 _CANMSGID4L                      00000b92 _SPICTL
00000bfe _CANMSGID5H                      00000b93 _SPISTS
00000bfd _CANMSGID5L                      00000b94 _SPIBRR
00000bcd _CANRCR                          00000b95 _SPIRXEMU
00000bcc _CANTCR                          00000b96 _SPIRXBUF
00000c19 _CAP1FBOT                        00000b97 _DIN
00000c16 _CAP1FIFO                        00000b98 _SPITXBUF
00000c1a _CAP2FBOT                        00000b99 _SPIPC1
00000c17 _CAP2FIFO                        00000b9a _SPIPC2
00000c1b _CAP3FBOT                        00000b9b _SPIPRI
00000c18 _CAP3FIFO                        00000b9c _SCICCR
00000c36 _CAP4FBOT                        00000b9d _SCICTL1
00000c33 _CAP4FIFO                        00000b9e _SCIHBAUD
00000c37 _CAP5FBOT                        00000b9f _SCILBAUD
00000c34 _CAP5FIFO                        00000ba0 _SCICTL2
00000c38 _CAP6FBOT                        00000ba1 _SCIRXST
00000c35 _CAP6FIFO                        00000ba2 _SCIRXEMU
00000c14 _CAPCONA                         00000ba2 _isMachineAddress
00000c31 _CAPCONB                         00000ba3 _SCIRXBUF
00000c15 _CAPFIFOA                        00000ba4 _SCITXBUF
00000c32 _CAPFIFOB                        00000ba5 _SCIPC2
00000bb5 _CHSELSEQ1                       00000ba6 _SCIPRI
00000bb6 _CHSELSEQ2                       00000ba7 _XINT1CR
00000bb7 _CHSELSEQ3                       00000ba8 _XINT2CR
00000bb8 _CHSELSEQ4                       00000ba9 _MCRA
00000c11 _CMPR1                           00000baa _MCRB
00000c12 _CMPR2                           00000bab _MCRC
00000c13 _CMPR3                           00000bac _PADATDIR
00000c2e _CMPR4                           00000bad _PBDATDIR
00000c2f _CMPR5                           00000bae _PCDATDIR
00000c30 _CMPR6                           00000baf _SPIDAT
00000c0e _COMCONA                         00000bb0 _PEDATDIR
00000c2b _COMCONB                         00000bb1 _PDDATDIR
00000c10 _DBTCONA                         00000bb2 _ADCTRL1
00000c2d _DBTCONB                         00000bb3 _ADCTRL2
00000b97 _DIN                             00000bb4 _MAXCONV
000000c4 _Delay                           00000bb5 _CHSELSEQ1
00000c1f _EVAIFRA                         00000bb6 _CHSELSEQ2
00000c20 _EVAIFRB                         00000bb7 _CHSELSEQ3
00000c21 _EVAIFRC                         00000bb8 _CHSELSEQ4
00000c1c _EVAIMRA                         00000bb9 _AUTO_SEQ_SR
00000c1d _EVAIMRB                         00000bba _RESULT0
00000c1e _EVAIMRC                         00000bba _isLastSlaveAddress
00000c3c _EVBIFRA                         00000bbb _RESULT1
00000c3d _EVBIFRB                         00000bbc _RESULT2
00000c3e _EVBIFRC                         00000bbd _RESULT3
00000c39 _EVBIMRA                         00000bbe _RESULT4
00000c3a _EVBIMRB                         00000bbf _RESULT5
00000c3b _EVBIMRC                         00000bc0 _RESULT6
00000c04 _GPTCONA                         00000bc1 _RESULT7
00000c22 _GPTCONB                         00000bc2 _RESULT8
00000b87 _GREG                            00000bc3 _RESULT9
00000b83 _IFR                             00000bc4 _RESULT10
00000b82 _IMR                             00000bc5 _RESULT11
00000bb4 _MAXCONV                         00000bc6 _RESULT12
00000ba9 _MCRA                            00000bc7 _RESULT13
00000baa _MCRB                            00000bc8 _RESULT14
00000bab _MCRC                            00000bc9 _RESULT15
00000bac _PADATDIR                        00000bca _CALIBRATION
00000bad _PBDATDIR                        00000bcb _CANMDER
00000bae _PCDATDIR                        00000bcc _CANTCR
00000bb1 _PDDATDIR                        00000bcd _CANRCR
00000bb0 _PEDATDIR                        00000bce _CANMCR
00000bdf _PFDATDIR                        00000bcf _CANBCR2
00000b86 _PIACKR0                         00000bd0 _CANBCR1
00000b8c _PIACKR1                         00000bd1 _CANESR
00000b88 _PIACKR2                         00000bd2 _CANGSR
00000b89 _PIRQR0                          00000bd2 _getMachineAddress
00000b8a _PIRQR1                          00000bd3 _CANCEC
00000b8b _PIRQR2                          00000bd4 _CANIFR
00000b8d _PIVR                            00000bd5 _CANIMR
00000bba _RESULT0                         00000bd6 _CANLAM0H
00000bc6 _RESULT12                        00000bd7 _CANLAM0L
00000bbb _RESULT1                         00000bd8 _CANLAM1H
00000bc4 _RESULT10                        00000bd9 _CANLAM1L
00000bc5 _RESULT11                        00000bda _CANMSGID0L
00000bc7 _RESULT13                        00000bdb _CANMSGID0H
00000bc8 _RESULT14                        00000bdc _CANMSGCTRL0
00000bc9 _RESULT15                        00000bdd _setSlaveState
00000bbc _RESULT2                         00000bdd _CANMBX0A
00000bbd _RESULT3                         00000bde _CANMBX0B
00000bbe _RESULT4                         00000bdf _PFDATDIR
00000bbf _RESULT5                         00000be0 _CANMSGCTRL1
00000bc0 _RESULT6                         00000be1 _CANMSGID1L
00000bc1 _RESULT7                         00000be2 _CANMSGID1H
00000bc2 _RESULT8                         00000be3 _CANMBX0C
00000bc3 _RESULT9                         00000be4 _CANMBX1A
00000b9c _SCICCR                          00000be5 _CANMBX1B
00000b9d _SCICTL1                         00000be6 _CANMBX1C
00000ba0 _SCICTL2                         00000be7 _CANMBX1D
00000b9e _SCIHBAUD                        00000be8 _CANMSGID2L
00000b9f _SCILBAUD                        00000be9 _CANMSGID2H
00000ba5 _SCIPC2                          00000bea _CANMSGCTRL2
00000ba6 _SCIPRI                          00000beb _getSlaveState
00000ba3 _SCIRXBUF                        00000beb _CANMBX2A
00000ba2 _SCIRXEMU                        00000bec _CANMBX2B
00000ba1 _SCIRXST                         00000bed _CANMBX2C
00000ba4 _SCITXBUF                        00000bee _CANMBX2D
00000b80 _SCSR1                           00000bef _CANMSGID3L
00000b90 _SCSR2                           00000bf0 _CANMSGID3H
00000b94 _SPIBRR                          00000bf1 _CANMSGCTRL3
00000b91 _SPICCR                          00000bf2 _CANMBX3A
00000b92 _SPICTL                          00000bf3 _CANMBX3B
00000baf _SPIDAT                          00000bf4 _CANMBX3C
00000b99 _SPIPC1                          00000bf5 _CANMBX3D
00000b9a _SPIPC2                          00000bf6 _CANMSGID4L
00000b9b _SPIPRI                          00000bf7 _CANMSGID4H
00000b96 _SPIRXBUF                        00000bf7 _setMasterState
00000b95 _SPIRXEMU                        00000bf8 _CANMSGCTRL4
00000b93 _SPISTS                          00000bf9 _CANMBX4A
00000b98 _SPITXBUF                        00000bfa _CANMBX4B
00000c07 _T1CMP                           00000bfb _CANMBX4C
00000c06 _T1CMPR                          00000bfc _CANMBX4D
00000c05 _T1CNT                           00000bfd _CANMSGID5L
00000c09 _T1CON                           00000bfe _CANMSGID5H
00000c08 _T1PER                           00000bff _CANMSGCTRL5
00000c0b _T2CMP                           00000c00 _CANMBX5A
00000c0a _T2CNT                           00000c01 _CANMBX5B
00000c0d _T2CON                           00000c02 _CANMBX5C
00000c0c _T2PER                           00000c03 _CANMBX5D
00000c24 _T3CMP                           00000c04 _GPTCONA
00000c23 _T3CNT                           00000c05 _getMasterState
00000c26 _T3CON                           00000c05 _T1CNT
00000c25 _T3PER                           00000c06 _T1CMPR
00000c28 _T4CMP                           00000c07 _T1CMP
00000c27 _T4CNT                           00000c08 _T1PER
00000c2a _T4CON                           00000c09 _T1CON
00000c29 _T4PER                           00000c0a _T2CNT
00000b8e _WDCNTR                          00000c0b _T2CMP
00000b81 _WDCR                            00000c0c _T2PER
00000b8f _WDKEY                           00000c0d _T2CON
00000b84 _WSGR                            00000c0e _COMCONA
00000ba7 _XINT1CR                         00000c0f _ACTRA
00000ba8 _XINT2CR                         00000c10 _DBTCONA
00000028 __STACK_SIZE                     00000c11 _CMPR1
00000c41 __cleanup_ptr                    00000c12 _CMPR2
0000045a _aMBASCIIBin2Char                00000c13 _CMPR3
00000430 _aMBASCIIChar2Bin                00000c14 _CAPCONA
000001df _aMBASCIIInit                    00000c15 _CAPFIFOA
0000035f _aMBASCIIReceiveMessageFrame     00000c16 _CAP1FIFO
00000282 _aMBASCIIReceive                 00000c17 _CAP2FIFO
00000217 _aMBASCIISend                    00000c18 _CAP3FIFO
0000029a _aMBASCIISendMessageFrame        00000c19 _CAP1FBOT
00000480 _aMBASCIITimerT1sExpired         00000c1a _CAP2FBOT
000004e6 _aMBLRC8                         00000c1b _CAP3FBOT
00001359 _abort                           00000c1c _EVAIMRA
00000800 _arADUBufferCount                00000c1d _EVAIMRB
00000a03 _arADUBuffer                     00000c1e _EVAIMRC
00000b6c _arMBModeInit                    00000c1f _EVAIFRA
00000b68 _arMBReceiveMessageFrame         00000c20 _EVAIFRB
00000b6f _arMBSendMessageFrame            00000c21 _EVAIFRC
00000b67 _arMBTimer1Expire                00000c22 _GPTCONB
00000b6d _arMBTimer2Expire                00000c23 _T3CNT
0000133a _atexit                          00000c24 _T3CMP
00001139 _c_int0                          00000c25 _T3PER
00000f19 _delay                           00000c26 _T3CON
0000017d _disableINTM                     00000c27 _T4CNT
00000dde _eMBPopEvent                     00000c28 _T4CMP
00000dcd _eMBPushEvent                    00000c29 _T4PER
00000187 _enableINTM                      00000c2a _T4CON
0000130c _exit                            00000c2b _COMCONB
0000137d _f$$error                        00000c2c _ACTRB
0000071b _fMBFuncAdd                      00000c2d _DBTCONB
00000803 _fMBFuncDivide                   00000c2e _CMPR4
00000849 _fMBFuncMod                      00000c2f _CMPR5
000007af _fMBFuncMultiply                 00000c30 _CMPR6
0000062b _fMBFuncReadDSPRegister          00000c31 _CAPCONB
00000560 _fMBFuncReadLEDState             00000c32 _CAPFIFOB
00000515 _fMBFuncReportSlaveID            00000c33 _CAP4FIFO
00000767 _fMBFuncSubstract                00000c34 _CAP5FIFO
00000698 _fMBFuncWriteDSPRegister         00000c35 _CAP6FIFO
000005ce _fMBFuncWriteLEDState            00000c36 _CAP4FBOT
00000bd2 _getMachineAddress               00000c37 _CAP5FBOT
00000c05 _getMasterState                  00000c38 _CAP6FBOT
00000beb _getSlaveState                   00000c39 _EVBIMRA
00000191 _initialSystem                   00000c3a _EVBIMRB
00000bba _isLastSlaveAddress              00000c3b _EVBIMRC
00000ba2 _isMachineAddress                00000c3c _EVBIFRA
000001ae _main                            00000c3d _EVBIFRB
0000135c _memcpy                          00000c3e _EVBIFRC
00000b3d _modbusInit                      00000c3f _CANMBX0D
00000c40 _modbusMasterRun                 00000c40 _modbusMasterRun
00000b6e _modbusReceive                   00000c41 __cleanup_ptr
00000b71 _modbusSend                      00000c6c end
00000d48 _modbusSlaveRun                  00000d48 _modbusSlaveRun
000001d5 _nothing                         00000dcd _eMBPushEvent
00000801 _parReceiveBuffer                00000dde _eMBPopEvent
00000802 _parSendBuffer                   00000dfb _sMBPortSerialEnable
000004a3 _rMBCRC16                        00000e3d _sMBPortSerialInit
0000088f _rMBRTUInit                      00000ef8 _sMBPortSerialPutByte
000009e1 _rMBRTUReceiveMessageFrame       00000f08 _sMBPortSerialGetByte
00000988 _rMBRTUReceive                   00000f19 _delay
00000907 _rMBRTUSend                      00000f42 _sUART
000009a0 _rMBRTUSendMessageFrame          00000f69 _tMBServerTimerInit
00000aac _rMBRTUTimerT15Expired           00000f86 _tMBServerTimerEnable
00000ae5 _rMBRTUTimerT35Expired           00000f9d _tMBServerTimerDisable
00000dfb _sMBPortSerialEnable             00000fb5 _tTIMERINT2
00000f08 _sMBPortSerialGetByte            00000ff8 _tMBPortTimerInit
00000e3d _sMBPortSerialInit               000010b7 _tMBPortTimerEnable
00000ef8 _sMBPortSerialPutByte            000010d2 _tMBPortTimeDisable
00000f42 _sUART                           000010ec _tTIMERINT1
00000bf7 _setMasterState                  00001139 _c_int0
00000bdd _setSlaveState                   00001160 L$$DIVS
000010d2 _tMBPortTimeDisable              0000119b L$$MODS
000010b7 _tMBPortTimerEnable              000011d2 L$$DIVU
00000ff8 _tMBPortTimerInit                000011f2 L$$MODU
00000f9d _tMBServerTimerDisable           0000124a L$$MPY
00000f86 _tMBServerTimerEnable            00001256 I$$SAVE
00000f69 _tMBServerTimerInit              0000126e I$$REST
000010ec _tTIMERINT1                      00001284 I$$UDIV
00000fb5 _tTIMERINT2                      000012aa I$$UMOD
00000146 _ti_led_off                      0000130c _exit
0000011b _ti_led_on                       0000133a _atexit
00000172 _ti_led_state                    00001359 _abort
000000ed _wait_ms                         00001359 C$$EXIT
0000137e cinit                            0000135c _memcpy
00000300 edata                            0000137d _f$$error
00000c6c end                              0000137e etext
0000137e etext                            0000137e cinit
ffffffff pinit                            ffffffff pinit

[292 symbols]
